192.168.0.99 - super [02/Apr/2013:15:48:50 +0530] "GET /queryio/ HTTP/1.1" 200 9283 "https://www.ipc.co.in" "Mozilla/5.0 (Windows NT 6.1) AppleWebKit/537.17 (KHTML, like Gecko) Chrome/24.0.1312.57 Safari/537.17"
192.168.0.92 - admin [02/Apr/2013:15:48:50 +0530] "GET /queryio/scripts/newer.js HTTP/1.1" 404 935 "https://www.ipc.co.in" "Mozilla/5.0 (compatible; Baiduspider/2.0; +http://www.abcd.com/search/xyz.html)"
192.168.0.92 - hiper [02/Apr/2013:15:48:50 +0530] "GET /queryio/ HTTP/1.1" 200 3905 "https://www.queryio.com" "Mozilla/5.0 (compatible; Baiduspider/2.0; +http://www.queryio.com/search/xyz.html)"
192.168.0.75 - index [02/Apr/2013:15:48:50 +0530] "GET /queryio/scripts/jquery.ui.js HTTP/1.1" 200 2119 "https://www.ip.co.in" "Mozilla/5.0 (compatible; Baiduspider/2.0; +http://www.queryio.com/search/xyz.html)"
192.168.0.52 - super [02/Apr/2013:15:48:50 +0530] "GET /queryio/html/index.html HTTP/1.1" 200 10983 "https://www.newsite.com" "Mozilla/5.0 (Windows NT 6.1) AppleWebKit/537.17 (KHTML, like Gecko) Chrome/24.0.1312.57 Safari/537.17"
192.168.0.92 - admin [02/Apr/2013:15:48:50 +0530] "GET /queryio/ HTTP/1.1" 200 2119 "https://www.queryio.com" "Mozilla/5.0 (compatible; Baiduspider/2.0; +http://www.abcd6.com/search/xyz.html)"
192.168.0.92 - admin [02/Apr/2013:15:48:50 +0530] "GET /queryio/ HTTP/1.1" 200 2119 "https://www.queryio.com" "Mozilla/5.0 (compatible; Baiduspider/2.0; +http://www.abcd6.com/search/xyz.html)"
192.168.0.99 - super [02/Apr/2013:15:48:50 +0530] "GET /queryio/images/image1.jpeg HTTP/1.1" 200 3905 "https://www.ip.co.in" "Mozilla/5.0 (compatible; Baiduspider/2.0; +http://www.abcd6.com/search/xyz.html)"
192.168.0.92 - query [02/Apr/2013:15:48:50 +0530] "GET /queryio/ HTTP/1.1" 200 3905 "https://www.newsite.com" "Mozilla/5.0 (compatible; Baiduspider/2.0; +http://www.queryio.com/search/xyz.html)"
192.168.0.55 - index [02/Apr/2013:15:48:50 +0530] "GET /queryio/ HTTP/1.1" 200 3905 "https://www.newsite.com" "Mozilla/5.0 (compatible; Baiduspider/2.0; +http://www.abcd6.com/search/xyz.html)"
192.168.0.92 - hiper [02/Apr/2013:15:48:50 +0530] "GET /queryio/images/image1.jpeg HTTP/1.1" 500 10983 "https://www.ipc.co.in" "Mozilla/5.0 (compatible; Baiduspider/2.0; +http://www.abcd6.com/search/xyz.html)"
192.168.0.48 - super [02/Apr/2013:15:48:50 +0530] "GET /queryio/ HTTP/1.1" 200 10983 "https://www.ip.co.in" "Mozilla/5.0 (compatible; Baiduspider/2.0; +http://www.queryio.com/search/xyz.html)"
192.168.0.48 - index [02/Apr/2013:15:48:50 +0530] "GET /queryio/images/image1.jpeg HTTP/1.1" 200 9283 "https://www.queryio.com" "Mozilla/5.0 (compatible; Baiduspider/2.0; +http://www.abcd6.com/search/xyz.html)"
192.168.0.48 - hiper [02/Apr/2013:15:48:50 +0530] "GET /queryio/scripts/newer.js HTTP/1.1" 200 9283 "https://www.newsite.com" "Mozilla/5.0 (Windows NT 6.1) AppleWebKit/537.17 (KHTML, like Gecko) Chrome/24.0.1312.57 Safari/537.17"
192.168.0.99 - hiper [02/Apr/2013:15:48:50 +0530] "GET /queryio/scripts/newer.js HTTP/1.1" 200 3905 "https://www.queryio.com" "Mozilla/5.0 (compatible; Baiduspider/2.0; +http://www.queryio.com/search/xyz.html)"
192.168.0.99 - admin [02/Apr/2013:15:48:50 +0530] "GET /queryio/ HTTP/1.1" 404 9283 "https://www.queryio.com" "Mozilla/5.0 (compatible; Baiduspider/2.0; +http://www.abcd6.com/search/xyz.html)"
192.168.0.92 - admin [02/Apr/2013:15:48:50 +0530] "GET /queryio/scripts/newer.js HTTP/1.1" 404 3905 "https://www.queryio.com" "Mozilla/5.0 (Windows NT 6.1) AppleWebKit/537.17 (KHTML, like Gecko) Chrome/24.0.1312.57 Safari/537.17"
192.168.0.55 - query [02/Apr/2013:15:48:50 +0530] "GET /queryio/images/image1.jpeg HTTP/1.1" 200 935 "https://www.queryio.com" "Mozilla/5.0 (compatible; Baiduspider/2.0; +http://www.queryio.com/search/xyz.html)"
192.168.0.75 - query [02/Apr/2013:15:48:50 +0530] "GET /queryio/scripts/newer.js HTTP/1.1" 200 935 "https://www.ip.co.in" "Mozilla/5.0 (compatible; Baiduspider/2.0; +http://www.queryio.com/search/xyz.html)"
192.168.0.92 - admin [02/Apr/2013:15:48:50 +0530] "GET /queryio/scripts/newer.js HTTP/1.1" 500 2119 "https://www.queryio.com" "Mozilla/5.0 (Windows NT 6.1) AppleWebKit/537.17 (KHTML, like Gecko) Chrome/24.0.1312.57 Safari/537.17"
192.168.0.99 - hiper [02/Apr/2013:15:48:50 +0530] "GET /queryio/scripts/jquery.ui.js HTTP/1.1" 500 2119 "https://www.queryio.com" "Mozilla/5.0 (compatible; Baiduspider/2.0; +http://www.queryio.com/search/xyz.html)"
192.168.0.55 - hiper [02/Apr/2013:15:48:50 +0530] "GET /queryio/scripts/newer.js HTTP/1.1" 500 935 "https://www.queryio.com" "Mozilla/5.0 (compatible; Baiduspider/2.0; +http://www.queryio.com/search/xyz.html)"
192.168.0.55 - super [02/Apr/2013:15:48:50 +0530] "GET /queryio/ HTTP/1.1" 404 9283 "https://www.ipc.co.in" "Mozilla/5.0 (compatible; Baiduspider/2.0; +http://www.queryio.com/search/xyz.html)"
192.168.0.48 - cloud [02/Apr/2013:15:48:50 +0530] "GET /queryio/ HTTP/1.1" 200 10983 "https://www.queryio.com" "Mozilla/5.0 (compatible; Baiduspider/2.0; +http://www.queryio.com/search/xyz.html)"
192.168.0.92 - hiper [02/Apr/2013:15:48:50 +0530] "GET /queryio/ HTTP/1.1" 200 4262 "https://www.queryio.com" "Mozilla/5.0 (compatible; Baiduspider/2.0; +http://www.abcd6.com/search/xyz.html)"
192.168.0.48 - hiper [02/Apr/2013:15:48:50 +0530] "GET /queryio/scripts/newer.js HTTP/1.1" 200 935 "https://www.queryio.com" "Mozilla/5.0 (compatible; Baiduspider/2.0; +http://www.abcd6.com/search/xyz.html)"
192.168.0.48 - hiper [02/Apr/2013:15:48:50 +0530] "GET /queryio/scripts/newer.js HTTP/1.1" 200 9283 "https://www.queryio.com" "Mozilla/5.0 (Windows NT 6.1) AppleWebKit/537.17 (KHTML, like Gecko) Chrome/24.0.1312.57 Safari/537.17"
192.168.0.92 - super [02/Apr/2013:15:48:50 +0530] "GET /queryio/ HTTP/1.1" 200 935 "https://www.queryio.com" "Mozilla/5.0 (compatible; Baiduspider/2.0; +http://www.queryio.com/search/xyz.html)"
192.168.0.99 - cloud [02/Apr/2013:15:48:50 +0530] "GET /queryio/scripts/newer.js HTTP/1.1" 200 2119 "https://www.newsite.com" "Mozilla/5.0 (compatible; Baiduspider/2.0; +http://www.abcd.com/search/xyz.html)"
192.168.0.48 - super [02/Apr/2013:15:48:50 +0530] "GET /queryio/scripts/newer.js HTTP/1.1" 200 4262 "https://www.ip.co.in" "Mozilla/5.0 (compatible; Baiduspider/2.0; +http://www.abcd.com/search/xyz.html)"
192.168.0.75 - cloud [02/Apr/2013:15:48:50 +0530] "GET /queryio/ HTTP/1.1" 500 4262 "https://www.queryio.com" "Mozilla/5.0 (Windows NT 6.1) AppleWebKit/537.17 (KHTML, like Gecko) Chrome/24.0.1312.57 Safari/537.17"
192.168.0.52 - super [02/Apr/2013:15:48:50 +0530] "GET /queryio/scripts/newer.js HTTP/1.1" 200 9283 "https://www.queryio.com" "Mozilla/5.0 (compatible; Baiduspider/2.0; +http://www.abcd6.com/search/xyz.html)"
192.168.0.75 - index [02/Apr/2013:15:48:50 +0530] "GET /queryio/scripts/newer.js HTTP/1.1" 200 2119 "https://www.queryio.com" "Mozilla/5.0 (compatible; Baiduspider/2.0; +http://www.abcd.com/search/xyz.html)"
192.168.0.52 - index [02/Apr/2013:15:48:50 +0530] "GET /queryio/scripts/newer.js HTTP/1.1" 404 3905 "https://www.queryio.com" "Mozilla/5.0 (compatible; Baiduspider/2.0; +http://www.abcd6.com/search/xyz.html)"
192.168.0.75 - index [02/Apr/2013:15:48:50 +0530] "GET /queryio/ HTTP/1.1" 404 2119 "https://www.queryio.com" "Mozilla/5.0 (Windows NT 6.1) AppleWebKit/537.17 (KHTML, like Gecko) Chrome/24.0.1312.57 Safari/537.17"
192.168.0.52 - query [02/Apr/2013:15:48:50 +0530] "GET /queryio/scripts/newer.js HTTP/1.1" 500 4262 "https://www.ip.co.in" "Mozilla/5.0 (compatible; Baiduspider/2.0; +http://www.queryio.com/search/xyz.html)"
192.168.0.92 - cloud [02/Apr/2013:15:48:50 +0530] "GET /queryio/html/index.html HTTP/1.1" 200 9283 "https://www.ipc.co.in" "Mozilla/5.0 (Windows NT 6.1) AppleWebKit/537.17 (KHTML, like Gecko) Chrome/24.0.1312.57 Safari/537.17"
192.168.0.48 - query [02/Apr/2013:15:48:50 +0530] "GET /queryio/html/index.html HTTP/1.1" 200 935 "https://www.queryio.com" "Mozilla/5.0 (Windows NT 6.1) AppleWebKit/537.17 (KHTML, like Gecko) Chrome/24.0.1312.57 Safari/537.17"
192.168.0.75 - query [02/Apr/2013:15:48:50 +0530] "GET /queryio/scripts/newer.js HTTP/1.1" 500 935 "https://www.ipc.co.in" "Mozilla/5.0 (Windows NT 6.1) AppleWebKit/537.17 (KHTML, like Gecko) Chrome/24.0.1312.57 Safari/537.17"
192.168.0.55 - super [02/Apr/2013:15:48:50 +0530] "GET /queryio/images/image1.jpeg HTTP/1.1" 404 10983 "https://www.queryio.com" "Mozilla/5.0 (Windows NT 6.1) AppleWebKit/537.17 (KHTML, like Gecko) Chrome/24.0.1312.57 Safari/537.17"
192.168.0.52 - super [02/Apr/2013:15:48:50 +0530] "GET /queryio/ HTTP/1.1" 200 935 "https://www.ip.co.in" "Mozilla/5.0 (compatible; Baiduspider/2.0; +http://www.queryio.com/search/xyz.html)"
192.168.0.75 - super [02/Apr/2013:15:48:50 +0530] "GET /queryio/scripts/newer.js HTTP/1.1" 200 935 "https://www.queryio.com" "Mozilla/5.0 (Windows NT 6.1) AppleWebKit/537.17 (KHTML, like Gecko) Chrome/24.0.1312.57 Safari/537.17"
192.168.0.92 - query [02/Apr/2013:15:48:50 +0530] "GET /queryio/scripts/jquery.ui.js HTTP/1.1" 404 2119 "https://www.ip.co.in" "Mozilla/5.0 (compatible; Baiduspider/2.0; +http://www.queryio.com/search/xyz.html)"
192.168.0.99 - query [02/Apr/2013:15:48:50 +0530] "GET /queryio/ HTTP/1.1" 404 935 "https://www.newsite.com" "Mozilla/5.0 (compatible; Baiduspider/2.0; +http://www.queryio.com/search/xyz.html)"
192.168.0.92 - hiper [02/Apr/2013:15:48:50 +0530] "GET /queryio/images/image1.jpeg HTTP/1.1" 200 2119 "https://www.ip.co.in" "Mozilla/5.0 (compatible; Baiduspider/2.0; +http://www.abcd6.com/search/xyz.html)"
192.168.0.99 - cloud [02/Apr/2013:15:48:50 +0530] "GET /queryio/ HTTP/1.1" 404 2119 "https://www.ipc.co.in" "Mozilla/5.0 (compatible; Baiduspider/2.0; +http://www.queryio.com/search/xyz.html)"
192.168.0.75 - super [02/Apr/2013:15:48:50 +0530] "GET /queryio/images/image1.jpeg HTTP/1.1" 200 2119 "https://www.queryio.com" "Mozilla/5.0 (Windows NT 6.1) AppleWebKit/537.17 (KHTML, like Gecko) Chrome/24.0.1312.57 Safari/537.17"
192.168.0.52 - hiper [02/Apr/2013:15:48:50 +0530] "GET /queryio/images/image1.jpeg HTTP/1.1" 404 2119 "https://www.queryio.com" "Mozilla/5.0 (compatible; Baiduspider/2.0; +http://www.queryio.com/search/xyz.html)"
192.168.0.99 - index [02/Apr/2013:15:48:50 +0530] "GET /queryio/ HTTP/1.1" 200 9283 "https://www.newsite.com" "Mozilla/5.0 (compatible; Baiduspider/2.0; +http://www.queryio.com/search/xyz.html)"
192.168.0.55 - hiper [02/Apr/2013:15:48:50 +0530] "GET /queryio/scripts/jquery.ui.js HTTP/1.1" 200 2119 "https://www.queryio.com" "Mozilla/5.0 (Windows NT 6.1) AppleWebKit/537.17 (KHTML, like Gecko) Chrome/24.0.1312.57 Safari/537.17"
192.168.0.92 - hiper [02/Apr/2013:15:48:50 +0530] "GET /queryio/scripts/newer.js HTTP/1.1" 200 3905 "https://www.queryio.com" "Mozilla/5.0 (Windows NT 6.1) AppleWebKit/537.17 (KHTML, like Gecko) Chrome/24.0.1312.57 Safari/537.17"
192.168.0.55 - cloud [02/Apr/2013:15:48:50 +0530] "GET /queryio/html/index.html HTTP/1.1" 200 4262 "https://www.queryio.com" "Mozilla/5.0 (compatible; Baiduspider/2.0; +http://www.abcd.com/search/xyz.html)"
192.168.0.99 - cloud [02/Apr/2013:15:48:50 +0530] "GET /queryio/images/image1.jpeg HTTP/1.1" 200 4262 "https://www.queryio.com" "Mozilla/5.0 (compatible; Baiduspider/2.0; +http://www.queryio.com/search/xyz.html)"
192.168.0.52 - hiper [02/Apr/2013:15:48:50 +0530] "GET /queryio/ HTTP/1.1" 404 9283 "https://www.ipc.co.in" "Mozilla/5.0 (Windows NT 6.1) AppleWebKit/537.17 (KHTML, like Gecko) Chrome/24.0.1312.57 Safari/537.17"
192.168.0.75 - admin [02/Apr/2013:15:48:50 +0530] "GET /queryio/scripts/jquery.ui.js HTTP/1.1" 500 2119 "https://www.queryio.com" "Mozilla/5.0 (compatible; Baiduspider/2.0; +http://www.abcd.com/search/xyz.html)"
192.168.0.92 - index [02/Apr/2013:15:48:50 +0530] "GET /queryio/html/index.html HTTP/1.1" 200 4262 "https://www.ip.co.in" "Mozilla/5.0 (compatible; Baiduspider/2.0; +http://www.queryio.com/search/xyz.html)"
192.168.0.55 - index [02/Apr/2013:15:48:50 +0530] "GET /queryio/scripts/newer.js HTTP/1.1" 200 10983 "https://www.queryio.com" "Mozilla/5.0 (compatible; Baiduspider/2.0; +http://www.abcd.com/search/xyz.html)"
192.168.0.48 - cloud [02/Apr/2013:15:48:50 +0530] "GET /queryio/html/index.html HTTP/1.1" 500 935 "https://www.queryio.com" "Mozilla/5.0 (compatible; Baiduspider/2.0; +http://www.abcd6.com/search/xyz.html)"
192.168.0.99 - admin [02/Apr/2013:15:48:50 +0530] "GET /queryio/scripts/newer.js HTTP/1.1" 200 4262 "https://www.newsite.com" "Mozilla/5.0 (Windows NT 6.1) AppleWebKit/537.17 (KHTML, like Gecko) Chrome/24.0.1312.57 Safari/537.17"
192.168.0.99 - cloud [02/Apr/2013:15:48:50 +0530] "GET /queryio/scripts/jquery.ui.js HTTP/1.1" 404 2119 "https://www.ipc.co.in" "Mozilla/5.0 (Windows NT 6.1) AppleWebKit/537.17 (KHTML, like Gecko) Chrome/24.0.1312.57 Safari/537.17"
192.168.0.55 - hiper [02/Apr/2013:15:48:50 +0530] "GET /queryio/images/image1.jpeg HTTP/1.1" 500 2119 "https://www.ipc.co.in" "Mozilla/5.0 (compatible; Baiduspider/2.0; +http://www.abcd6.com/search/xyz.html)"
192.168.0.48 - admin [02/Apr/2013:15:48:50 +0530] "GET /queryio/scripts/newer.js HTTP/1.1" 500 4262 "https://www.newsite.com" "Mozilla/5.0 (compatible; Baiduspider/2.0; +http://www.queryio.com/search/xyz.html)"
192.168.0.75 - index [02/Apr/2013:15:48:50 +0530] "GET /queryio/html/index.html HTTP/1.1" 200 9283 "https://www.queryio.com" "Mozilla/5.0 (compatible; Baiduspider/2.0; +http://www.abcd.com/search/xyz.html)"
192.168.0.55 - hiper [02/Apr/2013:15:48:50 +0530] "GET /queryio/scripts/newer.js HTTP/1.1" 200 3905 "https://www.queryio.com" "Mozilla/5.0 (Windows NT 6.1) AppleWebKit/537.17 (KHTML, like Gecko) Chrome/24.0.1312.57 Safari/537.17"
192.168.0.92 - super [02/Apr/2013:15:48:50 +0530] "GET /queryio/images/image1.jpeg HTTP/1.1" 404 935 "https://www.queryio.com" "Mozilla/5.0 (Windows NT 6.1) AppleWebKit/537.17 (KHTML, like Gecko) Chrome/24.0.1312.57 Safari/537.17"
192.168.0.99 - hiper [02/Apr/2013:15:48:50 +0530] "GET /queryio/images/image1.jpeg HTTP/1.1" 404 4262 "https://www.ipc.co.in" "Mozilla/5.0 (compatible; Baiduspider/2.0; +http://www.queryio.com/search/xyz.html)"
192.168.0.75 - index [02/Apr/2013:15:48:50 +0530] "GET /queryio/scripts/newer.js HTTP/1.1" 200 3905 "https://www.newsite.com" "Mozilla/5.0 (Windows NT 6.1) AppleWebKit/537.17 (KHTML, like Gecko) Chrome/24.0.1312.57 Safari/537.17"
192.168.0.75 - super [02/Apr/2013:15:48:50 +0530] "GET /queryio/ HTTP/1.1" 200 4262 "https://www.queryio.com" "Mozilla/5.0 (Windows NT 6.1) AppleWebKit/537.17 (KHTML, like Gecko) Chrome/24.0.1312.57 Safari/537.17"
192.168.0.52 - super [02/Apr/2013:15:48:50 +0530] "GET /queryio/scripts/jquery.ui.js HTTP/1.1" 200 10983 "https://www.queryio.com" "Mozilla/5.0 (compatible; Baiduspider/2.0; +http://www.queryio.com/search/xyz.html)"
192.168.0.55 - cloud [02/Apr/2013:15:48:50 +0530] "GET /queryio/images/image1.jpeg HTTP/1.1" 200 2119 "https://www.queryio.com" "Mozilla/5.0 (Windows NT 6.1) AppleWebKit/537.17 (KHTML, like Gecko) Chrome/24.0.1312.57 Safari/537.17"
